OpenFHE_version=v1.5.1, source_commit=1306d14f8c26bb6150d3e6ad54f28dfe1007689e, library_version_string=BASE_OPENFHE_VERSION, ring_dimension=4096, logical_slots=4, depth=20, bootstrap_depth=16, levels_after_bootstrap=3, prebootstrap_normalization_levels=0
experiment=ctct_lowtransient_unstable_precisionfix, blocks=100, rho_F=1.0460417098754866, rho_Acl=0.78517459757601471, rank_O4=4, cond_O4=25.599923207434109, M_u_inf=1.2841548225296702, M_y_inf=3.6593910428120302, Gamma_B=0.89473006807706212, nominal_max_abs_u_1000=0.50038638094631271
precision_fix: bootstrap_iterations=2, dynamic_scaling=disabled, bootstrap_target=0.5, application_resolution=9.9999999999999995e-07, max_bootstrap_scale=100000, scaled_bootstrap_guard=0.90000000000000002
range_design: working_range=1, plain_max_abs_u=0.50038638094631271, plain_max_abs_y=0.17649999999999999, plain_max_abs_plant=0.20000000000000001, plain_max_abs_controller=0.27923334865384325, plain_max_control_abs_sum=0.61989006006932923, plain_max_reconstruction_abs_sum=0.79596469733675335, range_headroom=1.256337125686523, required_effective_bits=20, scaling_mod_bits=59, first_mod_bits=60
per_block_operations: ct_ct_mult=18, relinearizations=18, product_rescales=18, pre_multiply_normalization_rescales=4, controller_coeff_ct_pt_mult=0, public_bootstrap_normalization_ct_pt_mult<=8, rotations=8, additions=21, production_bootstraps=4
fresh_bootstrap_probe=disabled, diagnostic_bootstraps_per_block=0
encrypted_once_at_setup: P=4, q=16, M_u_columns=4, M_y_columns=4
compiler=11.4.0, hardware_concurrency=12, OpenMP_max_threads=8, OMP_NUM_THREADS=8
measured_single_bootstrap_precision_bits_for_meta_bts=19
bootstrap_scale_schedule: 1,1,1,1,1,1,1,1,1,1,1,1,1,1,1,1,1,1,1,1,...
scalar_smoke_u0_expected=0.059751908262778763, max_abs_error=3.2335245592207684e-15, slot_spread=5.4817261840867104e-15
scalar_smoke_u1_expected=-0.50038638094631327, max_abs_error=4.6629367034256575e-15, slot_spread=8.5487172896137054e-15
scalar_smoke_u2_expected=-0.38111047107499424, max_abs_error=1.6653345369377348e-15, slot_spread=2.1094237467877974e-15
scalar_smoke_u3_expected=-0.38468538808132047, max_abs_error=6.2727600891321345e-15, slot_spread=1.1102230246251565e-14
block=0, control_error_inf=1.5819567877883856e-12, plant_error_inf=9.3675067702747583e-16, semantic_identity_inf=5.0306980803327406e-17, bootstrap_scale=1, u4_bootstrap_ms=2225.0092480000003, x_level=18, x_towers=3
block=1, control_error_inf=2.5842106232687456e-12, plant_error_inf=3.7743419500912978e-13, semantic_identity_inf=5.5511151231257827e-17, bootstrap_scale=1, u4_bootstrap_ms=1873.9611360000001, x_level=18, x_towers=3
block=2, control_error_inf=2.7260416146646094e-12, plant_error_inf=6.2385513421858718e-13, semantic_identity_inf=2.7755575615628914e-17, bootstrap_scale=1, u4_bootstrap_ms=2135.707973, x_level=18, x_towers=3
block=3, control_error_inf=2.1571494590588713e-12, plant_error_inf=6.4896352180987549e-13, semantic_identity_inf=2.7755575615628914e-17, bootstrap_scale=1, u4_bootstrap_ms=2262.5665220000001, x_level=18, x_towers=3
block=4, control_error_inf=1.5361045768713666e-12, plant_error_inf=4.5473000365170435e-13, semantic_identity_inf=1.3877787807814457e-17, bootstrap_scale=1, u4_bootstrap_ms=2280.3733890000003, x_level=18, x_towers=3
block=5, control_error_inf=9.3709762172267119e-13, plant_error_inf=3.0995345179363198e-13, semantic_identity_inf=4.3368086899420177e-18, bootstrap_scale=1, u4_bootstrap_ms=2558.8011260000003, x_level=18, x_towers=3
block=6, control_error_inf=6.449910050498886e-13, plant_error_inf=1.7964579476781317e-13, semantic_identity_inf=1.7347234759768071e-18, bootstrap_scale=1, u4_bootstrap_ms=2309.7808490000002, x_level=18, x_towers=3
block=7, control_error_inf=3.5738252635031387e-13, plant_error_inf=4.3273408944707881e-14, semantic_identity_inf=8.6736173798840355e-19, bootstrap_scale=1, u4_bootstrap_ms=2432.4602599999998, x_level=18, x_towers=3
block=8, control_error_inf=4.7589243743623166e-13, plant_error_inf=1.1374739041294935e-13, semantic_identity_inf=2.439454888092385e-19, bootstrap_scale=1, u4_bootstrap_ms=2291.6947700000001, x_level=18, x_towers=3
block=9, control_error_inf=3.098274268436077e-13, plant_error_inf=6.3463123645135511e-14, semantic_identity_inf=1.0842021724855044e-19, bootstrap_scale=1, u4_bootstrap_ms=2107.3204560000004, x_level=18, x_towers=3
block=10, control_error_inf=8.0852327871000496e-13, plant_error_inf=6.253321699432185e-14, semantic_identity_inf=4.0657581468206416e-20, bootstrap_scale=1, u4_bootstrap_ms=2149.2486899999999, x_level=18, x_towers=3
block=11, control_error_inf=3.2896264142887825e-13, plant_error_inf=2.1494878292105217e-13, semantic_identity_inf=2.0328790734103208e-20, bootstrap_scale=1, u4_bootstrap_ms=2266.4467509999999, x_level=18, x_towers=3
block=12, control_error_inf=4.1043845432813322e-13, plant_error_inf=1.6553110031498116e-14, semantic_identity_inf=5.082197683525802e-21, bootstrap_scale=1, u4_bootstrap_ms=2118.1629640000001, x_level=18, x_towers=3
block=13, control_error_inf=2.1250712553553869e-13, plant_error_inf=2.6087643440400187e-14, semantic_identity_inf=1.2705494208814505e-21, bootstrap_scale=1, u4_bootstrap_ms=2230.1920550000004, x_level=18, x_towers=3
block=14, control_error_inf=5.4356321439927009e-13, plant_error_inf=4.7450143707151445e-13, semantic_identity_inf=8.4703294725430034e-22, bootstrap_scale=1, u4_bootstrap_ms=2126.4591789999999, x_level=18, x_towers=3
block=15, control_error_inf=1.6462797826473987e-12, plant_error_inf=1.5246264817369411e-13, semantic_identity_inf=1.5881867761018131e-22, bootstrap_scale=1, u4_bootstrap_ms=2332.6840470000002, x_level=18, x_towers=3
block=16, control_error_inf=1.390080271816592e-12, plant_error_inf=7.2552616543469691e-14, semantic_identity_inf=5.2939559203393771e-23, bootstrap_scale=1, u4_bootstrap_ms=2228.0266550000001, x_level=18, x_towers=3
block=17, control_error_inf=1.9393760231702049e-12, plant_error_inf=2.6675762408879695e-13, semantic_identity_inf=2.6469779601696886e-23, bootstrap_scale=1, u4_bootstrap_ms=2248.2746990000001, x_level=18, x_towers=3
block=18, control_error_inf=1.5190191658772626e-12, plant_error_inf=4.2750421562403858e-13, semantic_identity_inf=9.9261673506363321e-24, bootstrap_scale=1, u4_bootstrap_ms=2215.3799209999997, x_level=18, x_towers=3
block=19, control_error_inf=2.2760877964647474e-12, plant_error_inf=3.0953238730001006e-13, semantic_identity_inf=3.3087224502121107e-24, bootstrap_scale=1, u4_bootstrap_ms=2255.3034210000001, x_level=18, x_towers=3
block=20, control_error_inf=2.8299551036042535e-12, plant_error_inf=1.8978265997878737e-13, semantic_identity_inf=8.2718061255302767e-25, bootstrap_scale=1, u4_bootstrap_ms=2245.6371530000001, x_level=18, x_towers=3
block=21, control_error_inf=1.9979536958150195e-12, plant_error_inf=8.12938331436587e-13, semantic_identity_inf=8.2718061255302767e-25, bootstrap_scale=1, u4_bootstrap_ms=2430.5749230000001, x_level=18, x_towers=3
block=22, control_error_inf=3.8200312507292661e-12, plant_error_inf=1.4177426828789372e-12, semantic_identity_inf=2.0679515313825692e-25, bootstrap_scale=1, u4_bootstrap_ms=2300.5714469999998, x_level=18, x_towers=3
block=23, control_error_inf=2.5417603193947068e-12, plant_error_inf=2.3046236575256307e-12, semantic_identity_inf=1.0339757656912846e-25, bootstrap_scale=1, u4_bootstrap_ms=2303.694184, x_level=18, x_towers=3
block=24, control_error_inf=1.8091971130814251e-12, plant_error_inf=2.8338960403510513e-12, semantic_identity_inf=5.169878828456423e-26, bootstrap_scale=1, u4_bootstrap_ms=2318.8258930000002, x_level=18, x_towers=3
block=25, control_error_inf=6.5746159709188938e-12, plant_error_inf=5.1280338921034222e-12, semantic_identity_inf=1.2924697071141057e-26, bootstrap_scale=1, u4_bootstrap_ms=2222.0583610000003, x_level=18, x_towers=3
block=26, control_error_inf=4.5358368086061611e-12, plant_error_inf=1.4201613684815731e-12, semantic_identity_inf=1.2924697071141057e-26, bootstrap_scale=1, u4_bootstrap_ms=2196.2832079999998, x_level=18, x_towers=3
block=27, control_error_inf=5.8303045924118867e-12, plant_error_inf=1.9167727058662814e-12, semantic_identity_inf=1.2116903504194741e-27, bootstrap_scale=1, u4_bootstrap_ms=2160.7678379999998, x_level=18, x_towers=3
block=28, control_error_inf=1.0131869375336422e-11, plant_error_inf=4.3267062359454022e-12, semantic_identity_inf=1.2116903504194741e-27, bootstrap_scale=1, u4_bootstrap_ms=2174.8053970000001, x_level=18, x_towers=3
block=29, control_error_inf=1.2696872223330293e-11, plant_error_inf=4.008749896629112e-12, semantic_identity_inf=4.0389678347315804e-28, bootstrap_scale=1, u4_bootstrap_ms=2184.3477159999998, x_level=18, x_towers=3
block=30, control_error_inf=9.9313351021667026e-12, plant_error_inf=5.0916784705510914e-12, semantic_identity_inf=2.0194839173657902e-27, bootstrap_scale=1, u4_bootstrap_ms=2147.7960109999999, x_level=18, x_towers=3
block=31, control_error_inf=1.2251542948560893e-11, plant_error_inf=1.0598649105854162e-11, semantic_identity_inf=3.2311742677852644e-27, bootstrap_scale=1, u4_bootstrap_ms=2158.876397, x_level=18, x_towers=3
block=32, control_error_inf=1.2183056099694774e-11, plant_error_inf=5.772762760143304e-12, semantic_identity_inf=1.6155871338926322e-27, bootstrap_scale=1, u4_bootstrap_ms=2163.723974, x_level=18, x_towers=3
block=33, control_error_inf=3.3479160699125083e-11, plant_error_inf=5.3916792133636637e-12, semantic_identity_inf=1.2116903504194741e-27, bootstrap_scale=1, u4_bootstrap_ms=2157.0664609999999, x_level=18, x_towers=3
block=34, control_error_inf=3.0999275646752447e-11, plant_error_inf=5.4888432195292057e-12, semantic_identity_inf=2.8272774843121063e-27, bootstrap_scale=1, u4_bootstrap_ms=2091.9153269999997, x_level=18, x_towers=3
block=35, control_error_inf=2.1391429822233964e-11, plant_error_inf=1.6200344459504554e-12, semantic_identity_inf=1.2924697071141057e-26, bootstrap_scale=1, u4_bootstrap_ms=2086.8650299999999, x_level=18, x_towers=3
block=36, control_error_inf=4.5815579523572419e-11, plant_error_inf=1.0578081485258919e-11, semantic_identity_inf=6.4623485355705287e-27, bootstrap_scale=1, u4_bootstrap_ms=2180.1021030000002, x_level=18, x_towers=3
block=37, control_error_inf=3.9308823566653142e-11, plant_error_inf=2.1493144582741465e-11, semantic_identity_inf=4.0389678347315804e-28, bootstrap_scale=1, u4_bootstrap_ms=2128.2881390000002, x_level=18, x_towers=3
block=38, control_error_inf=1.0699958666779689e-10, plant_error_inf=4.3850899384884113e-11, semantic_identity_inf=9.6935228033557931e-27, bootstrap_scale=1, u4_bootstrap_ms=2094.7616389999998, x_level=18, x_towers=3
block=39, control_error_inf=1.4390014118068658e-10, plant_error_inf=3.5104893971965225e-12, semantic_identity_inf=1.5348077771980006e-26, bootstrap_scale=1, u4_bootstrap_ms=2198.8800470000001, x_level=18, x_towers=3
block=40, control_error_inf=6.7090272429983514e-11, plant_error_inf=7.7842508792982924e-11, semantic_identity_inf=2.5849394142282115e-26, bootstrap_scale=1, u4_bootstrap_ms=2160.3248440000002, x_level=18, x_towers=3
block=41, control_error_inf=5.7950720113177623e-11, plant_error_inf=5.9520381431292448e-11, semantic_identity_inf=6.4623485355705287e-27, bootstrap_scale=1, u4_bootstrap_ms=2284.9952250000001, x_level=18, x_towers=3
block=42, control_error_inf=2.1871980552083676e-10, plant_error_inf=1.3637948549650444e-11, semantic_identity_inf=1.2924697071141057e-26, bootstrap_scale=1, u4_bootstrap_ms=2303.9446809999999, x_level=18, x_towers=3
block=43, control_error_inf=1.3124893275713076e-10, plant_error_inf=5.1057190910795082e-11, semantic_identity_inf=1.9387045606711586e-26, bootstrap_scale=1, u4_bootstrap_ms=2264.8139819999997, x_level=18, x_towers=3
block=44, control_error_inf=8.4173356413008867e-11, plant_error_inf=2.5565897362288201e-11, semantic_identity_inf=1.7771458472818954e-26, bootstrap_scale=1, u4_bootstrap_ms=2215.5285800000001, x_level=18, x_towers=3
block=45, control_error_inf=4.508826986944222e-10, plant_error_inf=4.8613094325111019e-11, semantic_identity_inf=2.5849394142282115e-26, bootstrap_scale=1, u4_bootstrap_ms=2149.9935880000003, x_level=18, x_towers=3
block=46, control_error_inf=2.7177788269544985e-10, plant_error_inf=6.0876393104310686e-11, semantic_identity_inf=5.169878828456423e-26, bootstrap_scale=1, u4_bootstrap_ms=2515.3931750000002, x_level=18, x_towers=3
block=47, control_error_inf=2.0659186807215946e-10, plant_error_inf=4.797121225173685e-11, semantic_identity_inf=5.169878828456423e-26, bootstrap_scale=1, u4_bootstrap_ms=2275.6945220000002, x_level=18, x_towers=3
block=48, control_error_inf=3.9128724027730052e-10, plant_error_inf=1.1406864891089194e-10, semantic_identity_inf=5.169878828456423e-26, bootstrap_scale=1, u4_bootstrap_ms=2128.0967879999998, x_level=18, x_towers=3
block=49, control_error_inf=5.1447813482752388e-10, plant_error_inf=1.8108296881916463e-10, semantic_identity_inf=2.0679515313825692e-25, bootstrap_scale=1, u4_bootstrap_ms=2306.965416, x_level=18, x_towers=3
block=50, control_error_inf=7.5632195964031424e-10, plant_error_inf=9.631355216593279e-11, semantic_identity_inf=6.4623485355705287e-27, bootstrap_scale=1, u4_bootstrap_ms=2253.6480149999998, x_level=18, x_towers=3
block=51, control_error_inf=8.3927072433096149e-10, plant_error_inf=3.0808128296774216e-10, semantic_identity_inf=1.6802106192483375e-25, bootstrap_scale=1, u4_bootstrap_ms=2203.2573859999998, x_level=18, x_towers=3
block=52, control_error_inf=3.2599538862773182e-10, plant_error_inf=4.2803354313637582e-10, semantic_identity_inf=1.0339757656912846e-25, bootstrap_scale=1, u4_bootstrap_ms=2217.993097, x_level=18, x_towers=3
block=53, control_error_inf=5.6115743573751765e-10, plant_error_inf=2.0211131540595466e-11, semantic_identity_inf=6.4623485355705287e-26, bootstrap_scale=1, u4_bootstrap_ms=2119.9504870000001, x_level=18, x_towers=3
block=54, control_error_inf=7.3824280647416428e-10, plant_error_inf=6.5533211114111379e-11, semantic_identity_inf=1.0339757656912846e-25, bootstrap_scale=1, u4_bootstrap_ms=2075.5300579999998, x_level=18, x_towers=3
block=55, control_error_inf=1.3931360225715249e-09, plant_error_inf=1.053077161744268e-10, semantic_identity_inf=1.0339757656912846e-25, bootstrap_scale=1, u4_bootstrap_ms=2077.3397540000001, x_level=18, x_towers=3
block=56, control_error_inf=1.6715147728372058e-09, plant_error_inf=8.6021552306727127e-10, semantic_identity_inf=1.5509636485369269e-25, bootstrap_scale=1, u4_bootstrap_ms=2140.4626600000001, x_level=18, x_towers=3
block=57, control_error_inf=2.0881696517066309e-09, plant_error_inf=8.6765885828213022e-11, semantic_identity_inf=2.0679515313825692e-25, bootstrap_scale=1, u4_bootstrap_ms=2502.8355999999999, x_level=18, x_towers=3
block=58, control_error_inf=1.8649717129688914e-09, plant_error_inf=1.9030145637522184e-10, semantic_identity_inf=1.2924697071141057e-25, bootstrap_scale=1, u4_bootstrap_ms=2696.1747559999999, x_level=18, x_towers=3
block=59, control_error_inf=2.1220334105340101e-09, plant_error_inf=9.9943727067084663e-11, semantic_identity_inf=2.0679515313825692e-25, bootstrap_scale=1, u4_bootstrap_ms=2272.9366960000002, x_level=18, x_towers=3
block=60, control_error_inf=2.2373600816220716e-09, plant_error_inf=5.8259972245552962e-10, semantic_identity_inf=2.0679515313825692e-25, bootstrap_scale=1, u4_bootstrap_ms=2321.3908810000003, x_level=18, x_towers=3
block=61, control_error_inf=4.1829071833832852e-09, plant_error_inf=1.0898047820359259e-09, semantic_identity_inf=4.1359030627651384e-25, bootstrap_scale=1, u4_bootstrap_ms=2105.5117919999998, x_level=18, x_towers=3
block=62, control_error_inf=5.6375085109019347e-09, plant_error_inf=2.1767163574172069e-09, semantic_identity_inf=0, bootstrap_scale=1, u4_bootstrap_ms=2239.453763, x_level=18, x_towers=3
block=63, control_error_inf=3.7825375247880516e-09, plant_error_inf=1.7914800414027708e-09, semantic_identity_inf=4.1359030627651384e-25, bootstrap_scale=1, u4_bootstrap_ms=2203.3510350000001, x_level=18, x_towers=3
block=64, control_error_inf=4.4369255920894118e-09, plant_error_inf=4.463200883109278e-10, semantic_identity_inf=2.2133543734329061e-25, bootstrap_scale=1, u4_bootstrap_ms=2755.9148489999998, x_level=18, x_towers=3
block=65, control_error_inf=4.7995533928255076e-09, plant_error_inf=8.371781706411749e-10, semantic_identity_inf=2.0679515313825692e-25, bootstrap_scale=1, u4_bootstrap_ms=2125.0554769999999, x_level=18, x_towers=3
block=66, control_error_inf=1.5551130800983706e-08, plant_error_inf=2.162210101312804e-09, semantic_identity_inf=8.2718061255302767e-25, bootstrap_scale=1, u4_bootstrap_ms=2344.8613970000001, x_level=18, x_towers=3
block=67, control_error_inf=1.1026348301044813e-08, plant_error_inf=2.8909641589788104e-09, semantic_identity_inf=3.3087224502121107e-24, bootstrap_scale=1, u4_bootstrap_ms=2175.1414490000002, x_level=18, x_towers=3
block=68, control_error_inf=1.3459299286289021e-08, plant_error_inf=2.551727958623027e-09, semantic_identity_inf=1.6543612251060553e-24, bootstrap_scale=1, u4_bootstrap_ms=2175.003909, x_level=18, x_towers=3
block=69, control_error_inf=1.2266813871736071e-08, plant_error_inf=1.1223321378888161e-09, semantic_identity_inf=1.6543612251060553e-24, bootstrap_scale=1, u4_bootstrap_ms=2286.2899309999998, x_level=18, x_towers=3
block=70, control_error_inf=1.9631185284011132e-08, plant_error_inf=9.4241712174194366e-10, semantic_identity_inf=1.6543612251060553e-24, bootstrap_scale=1, u4_bootstrap_ms=2212.0086499999998, x_level=18, x_towers=3
block=71, control_error_inf=1.3327884181063002e-08, plant_error_inf=7.0997765821660602e-09, semantic_identity_inf=3.3087224502121107e-24, bootstrap_scale=1, u4_bootstrap_ms=2143.3266449999996, x_level=18, x_towers=3
block=72, control_error_inf=2.1447867197311265e-08, plant_error_inf=2.2787639766173611e-09, semantic_identity_inf=8.2718061255302767e-25, bootstrap_scale=1, u4_bootstrap_ms=2215.143493, x_level=18, x_towers=3
block=73, control_error_inf=1.4965857344688058e-08, plant_error_inf=3.8833892413480117e-09, semantic_identity_inf=1.6543612251060553e-24, bootstrap_scale=1, u4_bootstrap_ms=2249.070729, x_level=18, x_towers=3
block=74, control_error_inf=3.8871462495661545e-08, plant_error_inf=7.6525583222665165e-09, semantic_identity_inf=2.481541837659083e-24, bootstrap_scale=1, u4_bootstrap_ms=2106.7795830000005, x_level=18, x_towers=3
block=75, control_error_inf=1.6604361421649792e-08, plant_error_inf=6.1386839857212064e-09, semantic_identity_inf=6.6174449004242214e-24, bootstrap_scale=1, u4_bootstrap_ms=2144.4782539999997, x_level=18, x_towers=3
block=76, control_error_inf=1.3425396666347052e-08, plant_error_inf=4.1623980427869524e-08, semantic_identity_inf=3.7223127564886245e-24, bootstrap_scale=1, u4_bootstrap_ms=2255.0216420000002, x_level=18, x_towers=3
block=77, control_error_inf=4.2200152186080363e-08, plant_error_inf=8.1144671961538541e-09, semantic_identity_inf=1.6543612251060553e-24, bootstrap_scale=1, u4_bootstrap_ms=2166.4684539999998, x_level=18, x_towers=3
block=78, control_error_inf=9.7738349456842158e-08, plant_error_inf=7.1601082288563237e-09, semantic_identity_inf=6.6174449004242214e-24, bootstrap_scale=1, u4_bootstrap_ms=2232.9078950000003, x_level=18, x_towers=3
block=79, control_error_inf=1.1452388352913087e-07, plant_error_inf=4.8412914953528571e-08, semantic_identity_inf=6.6174449004242214e-24, bootstrap_scale=1, u4_bootstrap_ms=2146.7507970000001, x_level=18, x_towers=3
block=80, control_error_inf=2.1089494596242948e-07, plant_error_inf=4.177213588668764e-08, semantic_identity_inf=1.4889251025954498e-23, bootstrap_scale=1, u4_bootstrap_ms=2227.8648990000002, x_level=18, x_towers=3
block=81, control_error_inf=2.5768249703559769e-07, plant_error_inf=2.48792773947083e-08, semantic_identity_inf=5.2939559203393771e-23, bootstrap_scale=1, u4_bootstrap_ms=2679.1867539999998, x_level=18, x_towers=3
block=82, control_error_inf=1.9210866058385409e-07, plant_error_inf=3.4317352099189413e-08, semantic_identity_inf=1.0587911840678754e-22, bootstrap_scale=1, u4_bootstrap_ms=2393.4685949999998, x_level=18, x_towers=3
block=83, control_error_inf=2.5269616319381346e-07, plant_error_inf=1.0155052073943431e-08, semantic_identity_inf=3.9704669402545328e-23, bootstrap_scale=1, u4_bootstrap_ms=2296.030366, x_level=18, x_towers=3
block=84, control_error_inf=1.0954198030681648e-07, plant_error_inf=1.0864256724742004e-07, semantic_identity_inf=5.9557004103817993e-23, bootstrap_scale=1, u4_bootstrap_ms=2228.0642740000003, x_level=18, x_towers=3
block=85, control_error_inf=1.4559423765357535e-07, plant_error_inf=1.7355818764468648e-07, semantic_identity_inf=3.3087224502121107e-23, bootstrap_scale=1, u4_bootstrap_ms=2247.9937199999999, x_level=18, x_towers=3
block=86, control_error_inf=1.4212338848416841e-07, plant_error_inf=5.8699605056137518e-08, semantic_identity_inf=5.2939559203393771e-23, bootstrap_scale=1, u4_bootstrap_ms=2243.1121389999998, x_level=18, x_towers=3
block=87, control_error_inf=3.2775342006019437e-07, plant_error_inf=6.5555761323953403e-08, semantic_identity_inf=2.6469779601696886e-23, bootstrap_scale=1, u4_bootstrap_ms=2134.222624, x_level=18, x_towers=3
block=88, control_error_inf=3.0662098467086889e-07, plant_error_inf=1.7813260350895236e-07, semantic_identity_inf=5.2939559203393771e-23, bootstrap_scale=1, u4_bootstrap_ms=2188.3322450000001, x_level=18, x_towers=3
block=89, control_error_inf=5.2268238807912638e-07, plant_error_inf=1.1099598558292113e-07, semantic_identity_inf=9.9261673506363321e-24, bootstrap_scale=1, u4_bootstrap_ms=2227.7323729999998, x_level=18, x_towers=3
block=90, control_error_inf=5.3452915407242217e-07, plant_error_inf=1.211994405061938e-07, semantic_identity_inf=1.0587911840678754e-22, bootstrap_scale=1, u4_bootstrap_ms=2183.0466590000001, x_level=18, x_towers=3
block=91, control_error_inf=4.6453250709224436e-07, plant_error_inf=2.5989005766535807e-07, semantic_identity_inf=0, bootstrap_scale=1, u4_bootstrap_ms=2145.5108540000001, x_level=18, x_towers=3
block=92, control_error_inf=1.4990505205237305e-06, plant_error_inf=6.6245557134055925e-08, semantic_identity_inf=5.2939559203393771e-23, bootstrap_scale=1, u4_bootstrap_ms=2222.208858, x_level=18, x_towers=3
block=93, control_error_inf=7.3103789409684509e-07, plant_error_inf=2.0431918006210849e-07, semantic_identity_inf=2.1175823681357508e-22, bootstrap_scale=1, u4_bootstrap_ms=2092.0852279999999, x_level=18, x_towers=3
block=94, control_error_inf=5.2868673671003031e-07, plant_error_inf=8.2045703382866791e-07, semantic_identity_inf=5.2939559203393771e-23, bootstrap_scale=1, u4_bootstrap_ms=2269.5025460000002, x_level=18, x_towers=3
block=95, control_error_inf=2.8994441842952252e-06, plant_error_inf=4.3220700758055964e-07, semantic_identity_inf=3.1763735522036263e-22, bootstrap_scale=1, u4_bootstrap_ms=2194.4147830000002, x_level=18, x_towers=3
block=96, control_error_inf=4.2970652031150931e-06, plant_error_inf=7.7876656281816935e-07, semantic_identity_inf=5.2939559203393771e-23, bootstrap_scale=1, u4_bootstrap_ms=2313.4238729999997, x_level=18, x_towers=3
block=97, control_error_inf=2.3083785154506701e-06, plant_error_inf=7.8452226301226857e-07, semantic_identity_inf=4.2351647362715017e-22, bootstrap_scale=1, u4_bootstrap_ms=2260.5596110000001, x_level=18, x_towers=3
block=98, control_error_inf=3.5150271127261405e-06, plant_error_inf=2.0029288952882142e-06, semantic_identity_inf=6.3527471044072525e-22, bootstrap_scale=1, u4_bootstrap_ms=2277.5449049999997, x_level=18, x_towers=3
block=99, control_error_inf=3.002239390069719e-06, plant_error_inf=4.0708698161594042e-07, semantic_identity_inf=6.3527471044072525e-22, bootstrap_scale=1, u4_bootstrap_ms=2500.4420340000001, x_level=18, x_towers=3
completed_blocks=100

run_status=0
results_dir=results/range_100
